make[2]: *** No rule to make target 'CMakeFiles/test_node.dir/build'.  Stop.
make[1]: *** [CMakeFiles/test_node.dir/all] Error 2
make: *** [all] Error 2
